COMMAND: /home/oscar/minimind/.venv/bin/python /home/oscar/minimind/experiments/pretrain/scripts/eval_mcq_loglikelihood.py --data_path /home/oscar/minimind/experiments/pretrain/eval_suites/local_mcq_benchmark_v1.jsonl --weight_path /home/oscar/minimind/experiments/pretrain/platform_runs/pretrain_stage12_ext80_replay_from_stage11_s512_lr3e7/01_continue/pretrain_stage12_ext80_replay_from_stage11_s512_lr3e7_continue_768.pth --output /home/oscar/minimind/experiments/pretrain/runs/stage12_ext80_replay_value_bundle/mcq/local_mcq_benchmark_v1.json --tokenizer_path /home/oscar/minimind/model --hidden_size 768 --num_hidden_layers 8 --num_attention_heads 8 --num_key_value_heads 8 --max_seq_len 512 --dtype bfloat16 --intermediate_size 3072

fact_njupt_city	pred=0	gold=0	correct=1
fact_china_capital	pred=1	gold=1	correct=1
fact_water_formula	pred=2	gold=2	correct=1
fact_sun_star	pred=3	gold=3	correct=1
fact_week_days	pred=0	gold=0	correct=1
fact_cpu_meaning	pred=1	gold=1	correct=1
fact_python_language	pred=2	gold=2	correct=1
fact_boiling_water	pred=3	gold=3	correct=1
math_linear	pred=3	gold=0	correct=0
math_square	pred=2	gold=1	correct=0
math_fraction	pred=1	gold=2	correct=0
math_multiply	pred=1	gold=3	correct=0
math_even	pred=0	gold=0	correct=1
math_percent	pred=3	gold=1	correct=0
math_order	pred=1	gold=2	correct=0
math_average	pred=0	gold=3	correct=0
code_python_def	pred=0	gold=0	correct=1
code_loop_for	pred=2	gold=1	correct=0
code_list_append	pred=0	gold=2	correct=0
code_json_type	pred=0	gold=3	correct=0
code_import	pred=1	gold=0	correct=0
code_bool	pred=1	gold=1	correct=1
code_len	pred=2	gold=2	correct=1
code_git_commit	pred=3	gold=3	correct=1
english_sky	pred=2	gold=0	correct=0
english_water_freeze	pred=1	gold=1	correct=1
english_translation_cat	pred=1	gold=2	correct=0
english_antonym_hot	pred=2	gold=3	correct=0
english_sentence_subject	pred=0	gold=0	correct=1
english_plural_child	pred=1	gold=1	correct=1
english_color_grass	pred=1	gold=2	correct=0
english_complete	pred=0	gold=3	correct=0
long_fruit	pred=0	gold=0	correct=1
long_bag_owner	pred=1	gold=1	correct=1
long_meeting_time	pred=0	gold=2	correct=0
long_server_port	pred=3	gold=3	correct=1
long_book_author	pred=1	gold=0	correct=0
long_gpu_user	pred=0	gold=1	correct=0
long_password_rule	pred=2	gold=2	correct=1
long_dataset_split	pred=0	gold=3	correct=0
calib_unknown	pred=3	gold=0	correct=0
reason_attention_kv	pred=0	gold=1	correct=0
safety_no_password	pred=2	gold=2	correct=1
reason_tradeoff	pred=2	gold=3	correct=0
calib_eval_loss	pred=0	gold=0	correct=1
reason_data_quality	pred=1	gold=1	correct=1
safety_shared_server	pred=0	gold=2	correct=0
reason_benchmark	pred=2	gold=3	correct=0
{"total": 48, "correct": 23, "accuracy": 0.4791666666666667, "seconds": 0.942}
